NODE_6239_length_2449_cov_19.2.g4	spexex|jgi|Neosp1|449586|estExt_Genewise1Plus.C_130090	37.368	190	116	3	2	190	34	221	2.21e-33	123	N/A
NODE_6239_length_2449_cov_19.2.g5	sp|P54567|YQKD_BACSU	27.273	231	164	3	66	294	69	297	4.30e-25	105	N/A
NODE_6244_length_2444_cov_34.3.g9	sp|P54007|YL460_YEAST	100.000	210	0	0	1	210	1	210	4.11e-150	425	N/A
NODE_6265_length_2411_cov_41.3.g22	spexex|jgi|Rozal1_1|1515|O9G_005801	54.098	61	28	0	228	288	740	800	1.36e-14	78.6	N/A
NODE_6342_length_2325_cov_60.0.g78	sp|P54347|H2B4_CHLRE	98.734	79	1	0	1	79	1	79	2.21e-43	140	N/A
NODE_6342_length_2325_cov_60.0.g79	sp|P50567|H2A_CHLRE	100.000	105	0	0	1	105	1	105	1.81e-67	206	N/A
NODE_6371_length_2289_cov_92.8.g96	sp|P55504|Y4JD_SINFN	36.461	469	271	10	71	521	7	466	1.21e-79	261	N/A
NODE_6399_length_2258_cov_18.2.g117	sp|P50564|H33_CHLRE	94.915	59	3	0	31	89	15	73	1.20e-32	116	N/A
NODE_6409_length_2248_cov_48.0.g125	spexex|jgi|Pirfi3|587769|fgenesh2_kg.79_#_11_#_Locus2465v1rpkm11.67	34.513	113	73	1	254	365	491	603	6.43e-11	67.8	N/A
NODE_6418_length_2242_cov_52.8.g135	sp|P50566|H4_CHLRE	100.000	97	0	0	89	185	1	97	9.90e-63	192	N/A
NODE_6427_length_2233_cov_99.7.g142	spexex|jgi|Orpsp1_1|1175422|evm.model.c7180000053771.2	35.220	159	99	3	77	231	590	748	1.44e-22	102	N/A
NODE_6437_length_2226_cov_10.9.g152	sp|P23594|PP2A1_YEAST	100.000	273	0	0	1	273	97	369	0.0	580	N/A
NODE_6437_length_2226_cov_10.9.g153	sp|Q12434|GDIR_YEAST	100.000	202	0	0	1	202	1	202	6.51e-147	409	N/A
NODE_6450_length_2213_cov_39.0.g162	sp|P38697|IMDH2_YEAST	99.265	408	3	0	1	408	1	408	0.0	833	N/A
